
> event-management-backend@1.0.0 dev
> nodemon src/server.js

[33m[nodemon] 3.1.14[39m
[33m[nodemon] to restart at any time, enter `rs`[39m
[33m[nodemon] watching path(s): *.*[39m
[33m[nodemon] watching extensions: js,mjs,cjs,json[39m
[32m[nodemon] starting `node src/server.js`[39m
🗄️ MongoDB status before connect: disconnected
✅ MongoDB Connected: ac-8khkaog-shard-00-01.ricy8ea.mongodb.net
🗄️ MongoDB status after connect: connected
Port 5001 is in use, trying next port...
Port 5002 is in use, trying next port...
[32m[nodemon] restarting due to changes...[39m
[32m[nodemon] starting `node src/server.js`[39m
🗄️ MongoDB status before connect: disconnected
✅ MongoDB Connected: ac-8khkaog-shard-00-00.ricy8ea.mongodb.net
🗄️ MongoDB status after connect: connected
📡 GET /health
[0mGET /health [32m200[0m 5.510 ms - 104[0m
📡 GET /health
[0mGET /health [32m200[0m 0.701 ms - 104[0m
📡 GET /health
[0mGET /health [32m200[0m 0.658 ms - 104[0m
📡 GET /health
[0mGET /health [32m200[0m 0.515 ms - 104[0m
📡 GET /health
[0mGET /health [32m200[0m 0.499 ms - 104[0m
📡 GET /health
[0mGET /health [32m200[0m 0.685 ms - 104[0m
📡 GET /health
[0mGET /health [32m200[0m 0.816 ms - 104[0m
[32m[nodemon] restarting due to changes...[39m
[32m[nodemon] starting `node src/server.js`[39m
🗄️ MongoDB status before connect: disconnected
✅ MongoDB Connected: ac-8khkaog-shard-00-01.ricy8ea.mongodb.net
🗄️ MongoDB status after connect: connected
📡 GET /health
[0mGET /health [32m200[0m 4.583 ms - 104[0m
[32m[nodemon] restarting due to changes...[39m
[32m[nodemon] starting `node src/server.js`[39m
🗄️ MongoDB status before connect: disconnected
✅ MongoDB Connected: ac-8khkaog-shard-00-00.ricy8ea.mongodb.net
🗄️ MongoDB status after connect: connected
Port 5000 is in use, trying next port...
Port 5001 is in use, trying next port...

SIGTERM received. Starting graceful shutdown...
✅ HTTP server closed
[32m[nodemon] clean exit - waiting for changes before restart[39m
[32m[nodemon] restarting due to changes...[39m
[32m[nodemon] starting `node src/server.js`[39m
🗄️ MongoDB status before connect: disconnected
✅ MongoDB Connected: ac-8khkaog-shard-00-00.ricy8ea.mongodb.net
🗄️ MongoDB status after connect: connected
Port 5000 is in use, trying next port...
Port 5001 is in use, trying next port...
[32m[nodemon] restarting due to changes...[39m
[32m[nodemon] restarting due to changes...[39m
[32m[nodemon] starting `node src/server.js`[39m
🗄️ MongoDB status before connect: disconnected
✅ MongoDB Connected: ac-8khkaog-shard-00-00.ricy8ea.mongodb.net
🗄️ MongoDB status after connect: connected
❌ Failed to start HTTP server: {
  code: 'EADDRINUSE',
  message: 'listen EADDRINUSE: address already in use :::5000',
  port: 5000,
  stack: 'Error: listen EADDRINUSE: address already in use :::5000\n' +
    '    at Server.setupListenHandle [as _listen2] (node:net:1940:16)\n' +
    '    at listenInCluster (node:net:1997:12)\n' +
    '    at Server.listen (node:net:2102:7)\n' +
    '    at Function.listen (/home/sama/Downloads/Eventmangementcreation/backend/node_modules/express/lib/application.js:635:24)\n' +
    '    at startServer (file:///home/sama/Downloads/Eventmangementcreation/backend/src/server.js:34:24)\n' +
    '    at process.processTicksAndRejections (node:internal/process/task_queues:105:5)'
}
Port 5000 is already in use. Stop the other server or set PORT to a free port.
[31m[nodemon] app crashed - waiting for file changes before starting...[39m
[32m[nodemon] restarting due to changes...[39m
[32m[nodemon] starting `node src/server.js`[39m
[32m[nodemon] restarting due to changes...[39m
[32m[nodemon] starting `node src/server.js`[39m
🗄️ MongoDB status before connect: disconnected
✅ MongoDB Connected: ac-8khkaog-shard-00-00.ricy8ea.mongodb.net
🗄️ MongoDB status after connect: connected
❌ Failed to start HTTP server: {
  code: 'EADDRINUSE',
  message: 'listen EADDRINUSE: address already in use :::5000',
  port: 5000,
  stack: 'Error: listen EADDRINUSE: address already in use :::5000\n' +
    '    at Server.setupListenHandle [as _listen2] (node:net:1940:16)\n' +
    '    at listenInCluster (node:net:1997:12)\n' +
    '    at Server.listen (node:net:2102:7)\n' +
    '    at Function.listen (/home/sama/Downloads/Eventmangementcreation/backend/node_modules/express/lib/application.js:635:24)\n' +
    '    at startServer (file:///home/sama/Downloads/Eventmangementcreation/backend/src/server.js:34:24)\n' +
    '    at process.processTicksAndRejections (node:internal/process/task_queues:105:5)'
}
Port 5000 is already in use. Stop the other server or set PORT to a free port.
[31m[nodemon] app crashed - waiting for file changes before starting...[39m
[32m[nodemon] restarting due to changes...[39m
[32m[nodemon] starting `node src/server.js`[39m
[32m[nodemon] restarting due to changes...[39m
[32m[nodemon] restarting due to changes...[39m
[32m[nodemon] restarting due to changes...[39m
[32m[nodemon] starting `node src/server.js`[39m
🗄️ MongoDB status before connect: disconnected
✅ MongoDB Connected: ac-8khkaog-shard-00-00.ricy8ea.mongodb.net
🗄️ MongoDB status after connect: connected
❌ Failed to start HTTP server: {
  code: 'EADDRINUSE',
  message: 'listen EADDRINUSE: address already in use :::5000',
  port: 5000,
  stack: 'Error: listen EADDRINUSE: address already in use :::5000\n' +
    '    at Server.setupListenHandle [as _listen2] (node:net:1940:16)\n' +
    '    at listenInCluster (node:net:1997:12)\n' +
    '    at Server.listen (node:net:2102:7)\n' +
    '    at Function.listen (/home/sama/Downloads/Eventmangementcreation/backend/node_modules/express/lib/application.js:635:24)\n' +
    '    at startServer (file:///home/sama/Downloads/Eventmangementcreation/backend/src/server.js:34:24)\n' +
    '    at process.processTicksAndRejections (node:internal/process/task_queues:105:5)'
}
Port 5000 is already in use. Stop the other server or set PORT to a free port.
[31m[nodemon] app crashed - waiting for file changes before starting...[39m
[32m[nodemon] restarting due to changes...[39m
[32m[nodemon] starting `node src/server.js`[39m
[32m[nodemon] restarting due to changes...[39m
[32m[nodemon] restarting due to changes...[39m
[32m[nodemon] restarting due to changes...[39m
[32m[nodemon] starting `node src/server.js`[39m
🗄️ MongoDB status before connect: disconnected
✅ MongoDB Connected: ac-8khkaog-shard-00-00.ricy8ea.mongodb.net
🗄️ MongoDB status after connect: connected
❌ Failed to start HTTP server: {
  code: 'EADDRINUSE',
  message: 'listen EADDRINUSE: address already in use :::5000',
  port: 5000,
  stack: 'Error: listen EADDRINUSE: address already in use :::5000\n' +
    '    at Server.setupListenHandle [as _listen2] (node:net:1940:16)\n' +
    '    at listenInCluster (node:net:1997:12)\n' +
    '    at Server.listen (node:net:2102:7)\n' +
    '    at Function.listen (/home/sama/Downloads/Eventmangementcreation/backend/node_modules/express/lib/application.js:635:24)\n' +
    '    at startServer (file:///home/sama/Downloads/Eventmangementcreation/backend/src/server.js:34:24)\n' +
    '    at process.processTicksAndRejections (node:internal/process/task_queues:105:5)'
}
Port 5000 is already in use. Stop the other server or set PORT to a free port.
[31m[nodemon] app crashed - waiting for file changes before starting...[39m
[32m[nodemon] restarting due to changes...[39m
[32m[nodemon] starting `node src/server.js`[39m
🗄️ MongoDB status before connect: disconnected
✅ MongoDB Connected: ac-8khkaog-shard-00-00.ricy8ea.mongodb.net
🗄️ MongoDB status after connect: connected
❌ Failed to start HTTP server: {
  code: 'EADDRINUSE',
  message: 'listen EADDRINUSE: address already in use :::5000',
  port: 5000,
  stack: 'Error: listen EADDRINUSE: address already in use :::5000\n' +
    '    at Server.setupListenHandle [as _listen2] (node:net:1940:16)\n' +
    '    at listenInCluster (node:net:1997:12)\n' +
    '    at Server.listen (node:net:2102:7)\n' +
    '    at Function.listen (/home/sama/Downloads/Eventmangementcreation/backend/node_modules/express/lib/application.js:635:24)\n' +
    '    at startServer (file:///home/sama/Downloads/Eventmangementcreation/backend/src/server.js:34:24)\n' +
    '    at process.processTicksAndRejections (node:internal/process/task_queues:105:5)'
}
Port 5000 is already in use. Stop the other server or set PORT to a free port.
[31m[nodemon] app crashed - waiting for file changes before starting...[39m
[32m[nodemon] restarting due to changes...[39m
[32m[nodemon] starting `node src/server.js`[39m
🗄️ MongoDB status before connect: disconnected
✅ MongoDB Connected: ac-8khkaog-shard-00-00.ricy8ea.mongodb.net
🗄️ MongoDB status after connect: connected
❌ Failed to start HTTP server: {
  code: 'EADDRINUSE',
  message: 'listen EADDRINUSE: address already in use :::5000',
  port: 5000,
  stack: 'Error: listen EADDRINUSE: address already in use :::5000\n' +
    '    at Server.setupListenHandle [as _listen2] (node:net:1940:16)\n' +
    '    at listenInCluster (node:net:1997:12)\n' +
    '    at Server.listen (node:net:2102:7)\n' +
    '    at Function.listen (/home/sama/Downloads/Eventmangementcreation/backend/node_modules/express/lib/application.js:635:24)\n' +
    '    at startServer (file:///home/sama/Downloads/Eventmangementcreation/backend/src/server.js:34:24)\n' +
    '    at process.processTicksAndRejections (node:internal/process/task_queues:105:5)'
}
Port 5000 is already in use. Stop the other server or set PORT to a free port.
[31m[nodemon] app crashed - waiting for file changes before starting...[39m
[32m[nodemon] restarting due to changes...[39m
[32m[nodemon] starting `node src/server.js`[39m
❌ Failed to start server: Unexpected identifier 'mongoose'
[31m[nodemon] app crashed - waiting for file changes before starting...[39m
[32m[nodemon] restarting due to changes...[39m
[32m[nodemon] starting `node src/server.js`[39m
🗄️ MongoDB status before connect: disconnected
[32m[nodemon] restarting due to changes...[39m
[32m[nodemon] starting `node src/server.js`[39m
🗄️ MongoDB status before connect: disconnected
❌ MongoDB connection failed: Could not connect to any servers in your MongoDB Atlas cluster. One common reason is that you're trying to access the database from an IP that isn't whitelisted. Make sure your current IP address is on your Atlas cluster's IP whitelist: https://www.mongodb.com/docs/atlas/security-whitelist/
MongooseServerSelectionError: Could not connect to any servers in your MongoDB Atlas cluster. One common reason is that you're trying to access the database from an IP that isn't whitelisted. Make sure your current IP address is on your Atlas cluster's IP whitelist: https://www.mongodb.com/docs/atlas/security-whitelist/
    at _handleConnectionErrors (/home/sama/Downloads/Eventmangementcreation/backend/node_modules/mongoose/lib/connection.js:816:11)
    at NativeConnection.openUri (/home/sama/Downloads/Eventmangementcreation/backend/node_modules/mongoose/lib/connection.js:791:11)
    at process.processTicksAndRejections (node:internal/process/task_queues:105:5)
    at async connectDB (file:///home/sama/Downloads/Eventmangementcreation/backend/src/config/db.js:53:18)
    at async startServer (file:///home/sama/Downloads/Eventmangementcreation/backend/src/server.js:25:20)
🗄️ MongoDB status after failure: disconnected
⚠️ Server will continue running without database connection
⚠️ MongoDB connection failed; server will continue running without DB.
❌ Failed to start HTTP server: {
  code: 'EADDRINUSE',
  message: 'listen EADDRINUSE: address already in use :::5000',
  port: 5000,
  stack: 'Error: listen EADDRINUSE: address already in use :::5000\n' +
    '    at Server.setupListenHandle [as _listen2] (node:net:1940:16)\n' +
    '    at listenInCluster (node:net:1997:12)\n' +
    '    at Server.listen (node:net:2102:7)\n' +
    '    at Function.listen (/home/sama/Downloads/Eventmangementcreation/backend/node_modules/express/lib/application.js:635:24)\n' +
    '    at startServer (file:///home/sama/Downloads/Eventmangementcreation/backend/src/server.js:34:24)\n' +
    '    at process.processTicksAndRejections (node:internal/process/task_queues:105:5)'
}
Port 5000 is already in use. Stop the other server or set PORT to a free port.
[31m[nodemon] app crashed - waiting for file changes before starting...[39m
[32m[nodemon] restarting due to changes...[39m
[32m[nodemon] starting `node src/server.js`[39m
🗄️ MongoDB status before connect: disconnected
❌ MongoDB connection failed: Could not connect to any servers in your MongoDB Atlas cluster. One common reason is that you're trying to access the database from an IP that isn't whitelisted. Make sure your current IP address is on your Atlas cluster's IP whitelist: https://www.mongodb.com/docs/atlas/security-whitelist/
MongooseServerSelectionError: Could not connect to any servers in your MongoDB Atlas cluster. One common reason is that you're trying to access the database from an IP that isn't whitelisted. Make sure your current IP address is on your Atlas cluster's IP whitelist: https://www.mongodb.com/docs/atlas/security-whitelist/
    at _handleConnectionErrors (/home/sama/Downloads/Eventmangementcreation/backend/node_modules/mongoose/lib/connection.js:816:11)
    at NativeConnection.openUri (/home/sama/Downloads/Eventmangementcreation/backend/node_modules/mongoose/lib/connection.js:791:11)
    at process.processTicksAndRejections (node:internal/process/task_queues:105:5)
    at async connectDB (file:///home/sama/Downloads/Eventmangementcreation/backend/src/config/db.js:53:18)
    at async startServer (file:///home/sama/Downloads/Eventmangementcreation/backend/src/server.js:25:20)
🗄️ MongoDB status after failure: disconnected
⚠️ Server will continue running without database connection
[31m[nodemon] app crashed - waiting for file changes before starting...[39m
[32m[nodemon] restarting due to changes...[39m
[32m[nodemon] starting `node src/server.js`[39m
🗄️ MongoDB status before connect: disconnected
[32m[nodemon] restarting due to changes...[39m
[32m[nodemon] starting `node src/server.js`[39m
🗄️ MongoDB status before connect: disconnected
[32m[nodemon] restarting due to changes...[39m
[32m[nodemon] starting `node src/server.js`[39m
🗄️ MongoDB status before connect: disconnected
[32m[nodemon] restarting due to changes...[39m
[32m[nodemon] starting `node src/server.js`[39m
🗄️ MongoDB status before connect: disconnected
[32m[nodemon] restarting due to changes...[39m
[32m[nodemon] starting `node src/server.js`[39m
🗄️ MongoDB status before connect: disconnected
❌ MongoDB connection failed: Could not connect to any servers in your MongoDB Atlas cluster. One common reason is that you're trying to access the database from an IP that isn't whitelisted. Make sure your current IP address is on your Atlas cluster's IP whitelist: https://www.mongodb.com/docs/atlas/security-whitelist/
MongooseServerSelectionError: Could not connect to any servers in your MongoDB Atlas cluster. One common reason is that you're trying to access the database from an IP that isn't whitelisted. Make sure your current IP address is on your Atlas cluster's IP whitelist: https://www.mongodb.com/docs/atlas/security-whitelist/
    at _handleConnectionErrors (/home/sama/Downloads/Eventmangementcreation/backend/node_modules/mongoose/lib/connection.js:816:11)
    at NativeConnection.openUri (/home/sama/Downloads/Eventmangementcreation/backend/node_modules/mongoose/lib/connection.js:791:11)
    at process.processTicksAndRejections (node:internal/process/task_queues:105:5)
    at async connectDB (file:///home/sama/Downloads/Eventmangementcreation/backend/src/config/db.js:53:18)
    at async startServer (file:///home/sama/Downloads/Eventmangementcreation/backend/src/server.js:25:20)
🗄️ MongoDB status after failure: disconnected
⚠️ Server will continue running without database connection
[31m[nodemon] app crashed - waiting for file changes before starting...[39m
[32m[nodemon] restarting due to changes...[39m
[32m[nodemon] starting `node src/server.js`[39m
🗄️ MongoDB status before connect: disconnected
❌ MongoDB connection failed: Could not connect to any servers in your MongoDB Atlas cluster. One common reason is that you're trying to access the database from an IP that isn't whitelisted. Make sure your current IP address is on your Atlas cluster's IP whitelist: https://www.mongodb.com/docs/atlas/security-whitelist/
MongooseServerSelectionError: Could not connect to any servers in your MongoDB Atlas cluster. One common reason is that you're trying to access the database from an IP that isn't whitelisted. Make sure your current IP address is on your Atlas cluster's IP whitelist: https://www.mongodb.com/docs/atlas/security-whitelist/
    at _handleConnectionErrors (/home/sama/Downloads/Eventmangementcreation/backend/node_modules/mongoose/lib/connection.js:816:11)
    at NativeConnection.openUri (/home/sama/Downloads/Eventmangementcreation/backend/node_modules/mongoose/lib/connection.js:791:11)
    at process.processTicksAndRejections (node:internal/process/task_queues:105:5)
    at async connectDB (file:///home/sama/Downloads/Eventmangementcreation/backend/src/config/db.js:53:18)
    at async startServer (file:///home/sama/Downloads/Eventmangementcreation/backend/src/server.js:25:20)
🗄️ MongoDB status after failure: disconnected
⚠️ Server will continue running without database connection
[31m[nodemon] app crashed - waiting for file changes before starting...[39m
[32m[nodemon] restarting due to changes...[39m
[32m[nodemon] starting `node src/server.js`[39m
[32m[nodemon] restarting due to changes...[39m
[32m[nodemon] starting `node src/server.js`[39m
file:///home/sama/Downloads/Eventmangementcreation/backend/src/server.js:117
};
^

SyntaxError: Missing catch or finally after try
    at compileSourceTextModule (node:internal/modules/esm/utils:346:16)
    at ModuleLoader.moduleStrategy (node:internal/modules/esm/translators:107:18)
    at #translate (node:internal/modules/esm/loader:540:12)
    at ModuleLoader.loadAndTranslate (node:internal/modules/esm/loader:587:27)
    at process.processTicksAndRejections (node:internal/process/task_queues:105:5)
    at async ModuleJob._link (node:internal/modules/esm/module_job:162:19)

Node.js v22.19.0
[31m[nodemon] app crashed - waiting for file changes before starting...[39m
